// Jest Snapshot v1, https://goo.gl/fbAQLP

exports[`BkButton component Should be render correctly 1`] = `
<button
  class="btn"
>
  <!---->
   
  <p
    class="content"
  />
</button>
`;

exports[`BkButton component Should has outline class 1`] = `
<button
  class="btn outline"
>
  <beat-loader-stub
    color="white"
    margin="2px"
    size="10"
    sizeunit="px"
  />
   
  <p
    class="content"
  />
</button>
`;
